3569,137.44,1
ets Jul 29 2019 12:21:46

rst:0x1 (POWERON_RESET),boot:0x13 (SPI_FAST_FLASH_BOOT)
configsip: 0, SPIWP:0xee
clk_drv:0x00,q_drv:0x00,d_drv:0x00,cs0_drv:0x00,hd_drv:0x00,wp_drv:0x00
mode:DIO, clock div:1
load:0x3fff0030,len:4876
ho 0 tail 12 room 4
load:0x40078000,len:16560
load:0x40080400,len:3500
entry 0x400805b4
Controller System Ready
0,137.61,0
0,137.95,0
0,137.95,0
0,137.70,0
0,137.53,0
0,137.87,0
0,137.70,0
0,137.11,0
0,137.53,0
0,137.53,0
0,137.53,1
83,137.61,1
166,137.19,1
249,137.70,1
332,137.87,1
415,137.61,1
498,137.70,1
581,137.53,1
664,137.28,1
747,137.53,1
830,137.70,1
913,137.53,1
996,137.78,1
1079,137.61,1
1162,137.53,1
1245,137.78,1
1328,137.95,1
1411,137.95,1
1494,138.04,1
1577,137.70,1
1660,138.12,1
1743,137.61,1
1826,137.95,1
1909,137.87,1
1992,137.95,1
2075,137.53,1
2158,137.70,1
2241,137.95,1
2324,138.54,1
2407,138.46,1
2490,138.46,1
2573,138.37,1
2656,137.95,1
2739,137.95,1
2822,138.04,1
2905,137.44,1
2988,136.77,1
3071,137.44,1
3154,136.77,1
3237,137.11,1
3320,137.11,1
3403,137.36,1
3486,137.78,1
3569,137.02,1
3652,136.94,1
3735,137.53,1
3818,137.02,1
3901,137.28,1
3984,136.94,1
4067,137.53,1
4150,137.19,1
4233,137.36,1
4316,136.94,1
4399,137.36,1
4482,137.19,1
4565,137.19,1
4648,137.11,1
4731,136.77,1
4814,137.11,1
4897,137.61,1
4980,137.44,1
5063,137.61,1
5146,137.70,1
5229,138.12,1
5312,137.95,1
5395,138.46,1
5478,137.87,1
5561,137.87,1
5644,138.46,1
5727,137.95,1
5810,137.28,1
5893,137.61,1
5976,137.61,1
6059,137.61,1
6142,137.87,1
6225,137.87,1
6308,138.12,1
6391,137.95,1
6474,137.78,1
6557,137.78,1
6640,137.53,1
6723,137.95,1
6806,137.53,1
6889,137.70,1
6972,138.29,1
7055,138.20,1
7138,137.78,1
7221,137.87,1
7304,137.95,1
7387,138.04,1
7470,138.37,1
7553,138.54,1
7636,137.95,1
7719,137.95,1
7802,138.04,1
ets Jul 29 2019 12:21:46

rst:0x1 (POWERON_RESET),boot:0x13 (SPI_FAST_FLASH_BOOT)
configsip: 0, SPIWP:0xee
clk_drv:0x00,q_drv:0x00,d_drv:0x00,cs0_drv:0x00,hd_drv:0x00,wp_drv:0x00
mode:DIO, clock div:1
load:0x3fff0030,len:4876
ho 0 tail 12 room 4
load:0x40078000,len:16560
load:0x40080400,len:3500
entry 0x400805b4
Controller System Ready
0,138.37,0
0,138.12,0
0,138.46,0
0,137.44,0
0,137.70,0
0,137.53,0
0,137.11,0
0,137.70,0
0,137.70,0
0,137.44,0
0,137.78,1
83,136.85,1
166,137.87,1
249,137.78,1
332,137.44,1
415,137.44,1
498,137.11,1
581,137.44,1
664,137.61,1
747,137.61,1
830,137.28,1
913,137.53,1
996,137.70,1
1079,137.70,1
1162,137.87,1
1245,137.19,1
1328,137.61,1
1411,137.19,1
1494,137.02,1
1577,137.87,1
1660,137.53,1
1743,137.11,1
1826,137.61,1
1909,137.28,1
1992,136.77,1
2075,137.19,1
2158,137.02,1
2241,137.70,1
2324,137.28,1
2407,137.36,1
2490,137.44,1
2573,136.01,1
2656,137.28,1
2739,137.19,1
2822,137.36,1
2905,137.95,1
2988,137.44,1
3071,137.53,1
3154,137.53,1
3237,137.53,1
3320,137.61,1
3403,137.44,1
3486,137.36,1
3569,137.78,1
3652,137.02,1
3735,137.53,1
3818,137.61,1
3901,137.61,1
3984,137.44,1
4067,137.87,1
4150,137.11,1
4233,137.36,1
4316,137.11,1
4399,137.28,1
4482,137.87,1
4565,137.61,1
4648,137.44,1
4731,137.44,1
4814,137.36,1
4897,137.70,1
4980,137.78,1
5063,137.78,1
5146,137.70,1
5229,137.11,1
5312,137.53,1
5395,137.11,1
5478,137.36,1
5561,137.28,1
5644,137.61,1
5727,137.61,1
5810,137.44,1
5893,137.28,1
5976,137.53,1
6059,137.44,1
6142,137.19,1
6225,137.53,1
6308,137.36,1
6391,137.78,1
6474,137.19,1
6557,138.04,1
6640,138.12,1
6723,137.78,1
6806,138.04,1
6889,137.95,1
6972,137.78,1
7055,138.37,1
7138,138.54,1
7221,138.20,1
7304,138.37,1
7387,138.37,1
7470,138.96,1
7553,138.54,1
7636,138.88,1
7719,137.95,1
7802,138.79,1
7885,138.46,1
7968,138.54,1
8051,138.79,1
8134,139.22,1
8217,139.22,1
8300,138.79,1
8383,139.05,1
8466,139.22,1
8549,139.13,1
8632,138.96,1
8715,139.22,1
8798,138.54,1
8881,139.22,1
8964,138.88,1
9047,139.05,1
9130,138.88,1
9213,139.22,1
9296,139.22,1
9379,138.71,1
9462,138.79,2
9545,138.88,2
9628,139.22,2
9711,138.63,2
9794,138.88,2
9877,139.22,2
9960,139.13,2
10043,139.05,2
10126,138.96,2
10209,139.13,2
10292,139.13,2
10375,139.39,2
10458,139.64,2
10541,139.30,2
10624,139.22,2
10707,139.30,2
10790,139.13,2
10873,139.55,2
10956,139.22,2
11039,139.64,2
11122,139.13,2
11205,139.39,2
11288,139.55,2
11371,139.39,2
11454,139.39,2
11537,139.55,2
11620,139.22,2
11703,138.96,2
11786,139.55,2
11869,139.30,2
11952,139.55,2
12035,139.47,2
12118,138.88,2
12201,139.30,2
12284,139.30,2
12367,139.13,2
12450,138.88,2
12533,138.96,2
12616,139.22,2
12699,139.55,2
12782,138.96,2
12865,139.05,2
12948,139.30,2
13031,139.13,2
13114,138.88,2
13197,138.63,2
13280,138.96,2
13363,138.79,2
13446,138.37,2
13529,138.29,2
13612,138.79,2
13695,138.71,2
13778,138.12,2
13861,138.46,2
13944,138.29,2
14027,138.79,2
14110,138.04,2
14193,138.29,2
14276,138.04,2
14359,138.46,2
14442,138.63,2
14525,138.46,2
14608,137.95,2
14691,137.95,2
14774,138.04,2
14857,138.12,2
14940,138.04,2
15023,138.12,2
15106,137.87,2
15189,137.78,2
15272,138.63,2
15355,138.04,2
15438,137.95,2
15521,137.70,2
15604,137.87,2
15687,137.78,2
15770,137.78,2
15853,138.04,2
15936,137.78,2
16019,138.20,2
16102,138.12,2
16185,137.53,2
16268,137.53,2
16351,137.70,2
16434,137.44,2
16517,137.36,2
16600,137.02,2
16683,137.11,2
16766,137.19,2
16849,137.11,2
16932,137.02,2
17015,136.94,3
17015,136.52,3
17015,136.85,3
17015,136.69,3
17015,136.69,3
17015,137.11,3
17015,136.94,3
17015,136.43,3
17015,136.52,3
17015,136.77,3
17015,136.69,3
17015,136.35,3
17015,136.35,3
17015,136.69,3
17015,136.18,3
17015,136.69,3
17015,135.84,3
17015,136.69,3
17015,136.60,3
17015,136.52,3
17015,136.60,3
17015,136.85,3
17015,137.02,3
17015,137.02,3
17015,136.69,3
17015,136.77,3
17015,136.43,3
17015,136.77,3
17015,136.85,3
17015,136.18,3
17015,136.77,3
17015,136.69,3
17015,136.94,3
17015,136.69,3
17015,136.69,3
17015,136.60,3
17015,136.60,3
17015,136.77,3
17015,136.77,3
17015,136.35,3
17015,136.43,3
17015,136.85,3
17015,136.69,3
17015,136.43,3
17015,136.60,3
17015,136.26,3
17015,136.26,3
17015,136.43,3
17015,135.84,3
17015,136.60,3
17015,136.85,3
17015,136.26,3
17015,136.43,3
17015,136.94,3
17015,136.60,3
17015,137.11,3
17015,136.94,3
17015,136.77,3
17015,136.77,3
17015,136.77,3
17015,137.02,3
17015,137.11,3
17015,136.43,3
17015,136.94,3
17015,136.85,3
17015,137.19,3
17015,136.94,3
17015,137.19,3
17015,136.77,3
17015,137.02,3
17015,137.19,3
ets Jul 29 2019 12:21:46

rst:0x1 (POWERON_RESET),boot:0x13 (SPI_FAST_FLASH_BOOT)
configsip: 0, SPIWP:0xee
clk_drv:0x00,q_drv:0x00,d_drv:0x00,cs0_drv:0x00,hd_drv:0x00,wp_drv:0x00
mode:DIO, clock div:1
load:0x3fff0030,len:4876
ho 0 tail 12 room 4
load:0x40078000,len:16560
load:0x40080400,len:3500
entry 0x400805b4
Controller System Ready
0,137.78,0
0,138.04,0
0,137.70,0
0,137.78,0
0,137.70,0
0,138.04,0
0,137.87,0
0,137.53,0
0,137.70,0
0,138.12,0
0,137.78,1
ets Jul 29 2019 12:21:46

rst:0x1 (POWERON_RESET),boot:0x13 (SPI_FAST_FLASH_BOOT)
configsip: 0, SPIWP:0xee
clk_drv:0x00,q_drv:0x00,d_drv:0x00,cs0_drv:0x00,hd_drv:0x00,wp_drv:0x00
mode:DIO, clock div:1
load:0x3fff0030,len:4876
ho 0 tail 12 room 4
load:0x40078000,len:16560
load:0x40080400,len:3500
entry 0x400805b4
Controller System Ready
0,138.37,0
0,138.54,0
0,137.95,0
0,138.20,0
0,137.87,0
0,137.95,0
0,137.70,0
0,137.70,0
ets Jul 29 2019 12:21:46

rst:0x1 (POWERON_RESET),boot:0x13 (SPI_FAST_FLASH_BOOT)
configsip: 0, SPIWP:0xee
clk_drv:0x00,q_drv:0x00,d_drv:0x00,cs0_drv:0x00,hd_drv:0x00,wp_drv:0x00
mode:DIO, clock div:1
load:0x3fff0030,len:4876
ho 0 tail 12 room 4
load:0x40078000,len:16560
load:0x40080400,len:3500
entry 0x400805b4
Controller System Ready
0,138.04,0
0,137.95,0
0,137.53,0
0,137.87,0
0,137.53,0
0,137.87,0
0,137.70,0
0,138.12,0
0,137.70,0
0,137.87,0
0,137.36,1
83,137.44,1
166,137.53,1
249,137.53,1
332,137.78,1
415,137.78,1
498,137.61,1
581,137.11,1
664,137.44,1
747,137.11,1
830,137.87,1
913,138.04,1
996,137.61,1
1079,138.04,1
1162,137.70,1
1245,137.44,1
1328,137.28,1
1411,137.78,1
1494,137.70,1
1577,137.87,1
1660,137.44,1
1743,137.44,1
1826,137.70,1
1909,137.87,1
1992,137.53,1
2075,137.61,1
2158,138.12,1
2241,137.87,1
2324,137.78,1
2407,137.87,1
2490,137.87,1
2573,137.61,1
2656,138.37,1
2739,137.95,1
2822,138.04,1
2905,137.95,1
2988,137.61,1
3071,137.70,1
3154,137.19,1
3237,138.04,1
3320,137.28,1
3403,138.04,1
3486,137.78,1
3569,137.78,1
3652,137.61,1
3735,137.87,1
3818,138.04,1
3901,137.87,1
3984,138.12,1
4067,138.29,1
4150,138.12,1
4233,138.29,1
4316,137.61,1
4399,138.20,1
4482,138.20,1
4565,137.87,1
4648,137.95,1
4731,138.12,1
4814,137.53,1
4897,137.78,1
4980,137.70,1
5063,138.04,1
5146,138.20,1
5229,138.04,1
5312,138.29,1
5395,137.95,1
5478,138.20,1
5561,137.70,1
5644,137.78,1
5727,138.20,1
5810,138.04,1
5893,137.61,1
5976,137.78,1
6059,137.61,1
6142,137.61,1
6225,137.53,1
ets Jul 29 2019 12:21:46

rst:0x1 (POWERON_RESET),boot:0x13 (SPI_FAST_FLASH_BOOT)
configsip: 0, SPIWP:0xee
clk_drv:0x00,q_drv:0x00,d_drv:0x00,cs0_drv:0x00,hd_drv:0x00,wp_drv:0x00
mode:DIO, clock div:1
load:0x3fff0030,len:4876
ho 0 tail 12 room 4
load:0x40078000,len:16560
load:0x40080400,len:3500
entry 0x400805b4
Controller System Ready
52,137.44,0
185,138.04,0
318,138.20,0
451,137.53,0
584,138.46,0
717,137.87,0
850,137.87,0
983,137.44,0
1116,137.78,0
1249,137.87,0
1382,137.95,1
1515,138.04,1
1648,137.44,1
1781,137.87,1
1914,137.61,1
2047,137.61,1
2180,137.87,1
2313,137.36,1
2446,138.12,1
2579,137.19,1
2712,137.70,1
2845,138.12,1
2978,138.04,1
3111,137.70,1
3244,137.70,1
3377,137.87,1
3510,137.87,1
3643,137.87,1
3776,138.04,1
3909,137.44,1
4042,137.44,1
4175,138.04,1
4308,137.44,1
4441,137.44,1
4574,137.70,1
4707,137.78,1
4840,138.37,1
4973,137.53,1
5106,137.44,1
5239,137.70,1
ets Jul 29 2019 12:21:46

rst:0x1 (POWERON_RESET),boot:0x13 (SPI_FAST_FLASH_BOOT)
configsip: 0, SPIWP:0xee
clk_drv:0x00,q_drv:0x00,d_drv:0x00,cs0_drv:0x00,hd_drv:0x00,wp_drv:0x00
mode:DIO, clock div:1
load:0x3fff0030,len:4876
ho 0 tail 12 room 4
load:0x40078000,len:16560
load:0x40080400,len:3500
entry 0x400805b4
Controller System Ready
52,138.04,0
185,137.78,0
318,137.11,0
451,137.70,0
584,137.19,0
717,137.61,0
850,137.53,0
983,137.36,0
1116,137.78,0
1249,137.19,0
1382,137.19,1
1515,137.53,1
1648,137.28,1
1781,137.28,1
1914,137.02,1
2047,137.53,1
2180,136.77,1
2313,137.02,1
2446,137.19,1
2579,137.28,1
2712,137.44,1
2845,137.28,1
2978,137.70,1
3111,137.70,1
3244,137.53,1
3377,136.77,1
3510,137.95,1
3643,137.11,1
3776,137.70,1
3909,137.44,1
4042,137.95,1
4175,137.28,1
4308,136.77,1
4441,137.95,1
4574,137.78,1
4707,137.78,1
4840,137.61,1
4973,137.44,1
5106,137.53,1
5239,138.12,1
5372,138.20,1
5505,138.20,1
5638,138.37,1
5771,138.04,1
5904,137.44,1
6037,138.20,1
6170,138.46,1
6303,138.54,1
6436,138.29,1
6569,138.63,1
6702,138.29,1
6835,138.37,1
6968,138.88,1
7101,138.96,1
7234,138.88,1
7367,139.05,1
7500,138.88,1
7633,138.54,1
7766,138.88,1
7899,138.46,1
8032,139.05,1
8165,139.13,1
8298,138.71,1
8431,138.54,1
8564,139.22,1
8697,139.47,1
8830,139.39,1
8963,139.55,1
9096,139.72,1
9229,139.22,1
9362,139.72,1
9495,139.81,1
9628,139.55,1
9761,139.13,1
9894,139.22,1
10027,139.47,1
10160,138.96,1
10293,139.39,1
10426,139.55,1
10559,139.47,1
10692,139.13,1
10825,139.13,2
10958,138.71,2
11091,139.39,2
11224,139.22,2
11357,139.13,2
11490,138.96,2
11623,138.71,2
11756,138.46,2
11889,138.54,2
12022,138.29,2
12155,138.54,2
12288,138.63,2
12421,138.04,2
12554,138.04,2
12687,138.04,2
12820,138.29,2
12953,138.29,2
13086,137.95,2
13219,138.29,2
13352,138.20,2
13485,138.04,2
13618,138.29,2
13751,138.20,2
13884,137.95,2
14017,138.20,2
14150,137.95,2
14283,138.20,2
14416,137.70,2
14549,137.95,2
14682,137.70,2
14815,137.78,2
14948,137.87,2
15081,137.70,2
15214,137.44,2
15347,137.70,2
15480,137.78,2
15613,137.44,2
16787,138.04,3
16920,137.87,3
17053,137.53,3
17186,137.36,3
17319,137.53,3
17452,137.78,3
17585,137.61,3
17718,137.87,3
17851,137.02,3
17984,137.61,3
18117,137.61,3
18250,137.36,3
18383,137.44,3
18516,137.61,3
18649,137.53,3
18782,137.44,3
18915,137.70,3
19048,137.53,3
19181,137.44,3
19314,138.04,3
19447,137.19,3
19580,137.53,3
19713,137.28,3
19846,137.36,3
19979,137.28,3
20112,137.28,3
20245,137.61,3
20378,137.36,3
20511,138.04,3
20644,138.20,3
20777,137.61,3
20910,138.04,3
21043,137.87,3
21176,137.95,3
21309,137.78,3
21442,137.70,3
21575,138.04,3
21708,138.20,3
21841,137.87,3
21974,137.87,3
22107,138.29,3
22240,137.53,3
22373,137.95,3
22506,138.04,3
22639,137.70,3
22772,138.46,3
ets Jul 29 2019 12:21:46

rst:0x1 (POWERON_RESET),boot:0x13 (SPI_FAST_FLASH_BOOT)
configsip: 0, SPIWP:0xee
clk_drv:0x00,q_drv:0x00,d_drv:0x00,cs0_drv:0x00,hd_drv:0x00,wp_drv:0x00
mode:DIO, clock div:1
load:0x3fff0030,len:4876
ho 0 tail 12 room 4
load:0x40078000,len:16560
load:0x40080400,len:3500
entry 0x400805b4
Controller System Ready
52,136.18,0
185,135.93,0
318,135.42,0
451,135.42,0
584,136.01,0
717,136.09,0
850,135.84,0
983,135.93,0
1116,135.93,0
1249,135.93,0
1382,135.59,1
1515,135.93,1
1648,135.42,1
1781,135.67,1
1914,135.84,1
2047,135.76,1
2180,136.18,1
2313,135.93,1
2446,136.09,1
2579,136.01,1
2712,135.59,1
2845,135.50,1
2978,136.35,1
3111,135.84,1
ets Jul 29 2019 12:21:46

rst:0x1 (POWERON_RESET),boot:0x13 (SPI_FAST_FLASH_BOOT)
configsip: 0, SPIWP:0xee
clk_drv:0x00,q_drv:0x00,d_drv:0x00,cs0_drv:0x00,hd_drv:0x00,wp_drv:0x00
mode:DIO, clock div:1
load:0x3fff0030,len:4876
ho 0 tail 12 room 4
load:0x40078000,len:16560
load:0x40080400,len:3500
entry 0x400805b4
Controller System Ready
52,136.01,0
185,135.93,0
318,135.76,0
451,135.42,0
584,135.42,0
717,135.84,0
850,135.25,0
983,135.00,0
1116,135.76,0
1249,135.34,0
1382,135.59,1
1515,135.59,1
1648,135.59,1
1781,135.59,1
1914,135.42,1
2047,135.25,1
2180,135.42,1
2313,135.67,1
2446,136.09,1
2579,135.59,1
2712,135.76,1
2845,135.59,1
2978,135.34,1
ets Jul 29 2019 12:21:46

rst:0x1 (POWERON_RESET),boot:0x13 (SPI_FAST_FLASH_BOOT)
configsip: 0, SPIWP:0xee
clk_drv:0x00,q_drv:0x00,d_drv:0x00,cs0_drv:0x00,hd_drv:0x00,wp_drv:0x00
mode:DIO, clock div:1
load:0x3fff0030,len:4876
ho 0 tail 12 room 4
load:0x40078000,len:16560
load:0x40080400,len:3500
entry 0x400805b4
Controller System Ready
52,136.18,0
185,135.59,0
318,135.76,0
451,135.76,0
584,135.50,0
717,135.84,0
850,135.67,0
983,136.35,0
1116,136.09,0
1249,135.59,0
1382,135.84,1
1515,135.59,1
1648,135.93,1
1781,135.67,1
1914,135.50,1
2047,136.09,1
2180,136.26,1
2313,136.01,1
2446,135.76,1
2579,136.01,1
2712,135.76,1
2845,136.09,1
2978,136.01,1
3111,136.01,1
3244,135.59,1
3377,135.93,1
3510,135.76,1
3643,135.93,1
3776,135.67,1
3909,136.01,1
4042,136.35,1
4175,136.01,1
4308,135.50,1
4441,135.84,1
4574,136.09,1
4707,135.59,1
4840,135.17,1
4973,135.50,1
5106,135.76,1
5239,136.09,1
5372,136.01,1
5505,135.67,1
5638,135.59,1
5771,136.18,1
5904,135.50,1
6037,135.59,1
6170,135.76,1
6303,135.76,1
6436,135.76,1
6569,136.01,1
6702,135.84,1
6835,135.84,1
6968,136.26,1
7101,136.52,1
7234,136.52,1
7367,136.26,1
7500,136.94,1
7633,136.77,1
7766,136.77,1
7899,136.60,1
8032,137.11,1
8165,136.77,1
8298,136.85,1
8431,137.11,1
8564,137.19,1
8697,136.52,1
8830,137.28,1
8963,137.02,1
9096,136.94,1
9229,137.44,1
9362,137.19,1
9495,137.28,1
9628,137.11,1
9761,136.94,1
9894,137.44,1
10027,137.78,1
10160,137.61,1
10293,137.44,1
10426,137.95,1
10559,137.44,1
10692,137.28,1
10825,137.53,2
10958,138.12,2
11091,137.44,2
11224,137.95,2
11357,137.87,2
11490,138.12,2
11623,137.44,2
11756,137.87,2
11889,137.95,2
12022,137.70,2
12155,137.61,2
12288,137.70,2
12421,137.53,2
12554,137.61,2
12687,137.44,2
12820,137.78,2
12953,137.36,2
13086,136.43,2
13219,137.02,2
13352,136.85,2
13485,136.60,2
13618,137.11,2
13751,136.85,2
13884,137.11,2
14017,136.69,2
14150,137.11,2
14283,136.60,2
14416,136.77,2
14549,136.60,2
14682,136.43,2
14815,136.60,2
14948,136.60,2
15081,136.43,2
15214,136.52,2
15347,136.60,2
15480,136.09,2
15613,136.35,2
15746,136.18,2
15879,136.69,2
16012,136.52,2
16145,136.18,2
16278,136.01,2
16411,136.35,2
16544,136.01,2
16677,135.84,2
16810,136.18,2
16943,135.76,2
17076,136.35,2
17209,136.09,2
17342,136.01,2
18516,136.43,3
18649,136.43,3
18782,135.67,3
18915,136.09,3
19048,136.18,3
19181,136.60,3
19314,136.43,3
19447,136.01,3
19580,136.43,3
19713,136.43,3
19846,136.35,3
19979,136.43,3
20112,136.35,3
20245,136.35,3
20378,136.01,3
20511,136.52,3
20644,136.26,3
20777,136.69,3
20910,136.69,3
21043,136.01,3
21176,136.43,3
21309,136.69,3
21442,136.69,3
21575,136.52,3
21708,136.35,3
21841,136.43,3
21974,136.09,3
22107,136.18,3
22240,135.76,3
22373,136.01,3
22506,136.52,3
22639,136.26,3
22772,136.26,3
22905,136.26,3
23038,136.01,3
23171,135.93,3
23304,135.93,3
23437,135.84,3
23570,135.93,3
23703,136.35,3
23836,136.94,3
23969,136.77,3
24102,136.77,3
24235,136.60,3
24368,136.43,3
24501,136.77,3
24634,136.94,3
24767,136.52,3
24900,136.18,3
25033,136.52,3
ets Jul 29 2019 12:21:46

rst:0x1 (POWERON_RESET),boot:0x13 (SPI_FAST_FLASH_BOOT)
configsip: 0, SPIWP:0xee
clk_drv:0x00,q_drv:0x00,d_drv:0x00,cs0_drv:0x00,hd_drv:0x00,wp_drv:0x00
mode:DIO, clock div:1
load:0x3fff0030,len:4876
ho 0 tail 12 room 4
load:0x40078000,len:16560
load:0x40080400,len:3500
entry 0x400805b4
Controller System Ready
52,134.83,0
185,134.83,0
318,135.00,0
451,135.08,0
584,134.75,0
717,134.75,0
850,134.49,0
983,134.91,0
1116,134.83,0
1249,134.32,0
1382,134.75,1
1515,134.66,1
1648,134.24,1
1781,134.58,1
1914,134.66,1
2047,134.91,1
2180,134.66,1
2313,134.49,1
2446,134.83,1
2579,134.58,1
2712,134.91,1
2845,134.58,1
2978,134.75,1
3111,134.66,1
3244,134.58,1
3377,134.07,1
3510,134.49,1
3643,134.83,1
3776,134.07,1
3909,134.58,1
4042,134.41,1
4175,134.58,1
4308,134.41,1
4441,134.58,1
4574,134.32,1
4707,134.24,1
4840,134.83,1
4973,134.58,1
5106,134.49,1
5239,134.16,1
5372,134.66,1
5505,134.49,1
5638,134.58,1
5771,134.32,1
5904,134.75,1
6037,134.41,1
6170,134.41,1
6303,134.58,1
6436,134.24,1
6569,135.08,1
6702,134.66,1
6835,135.42,1
6968,135.67,1
7101,136.09,1
7234,135.25,1
7367,136.01,1
7500,135.76,1
7633,135.76,1
7766,135.67,1
7899,136.01,1
8032,135.84,1
8165,135.93,1
8298,136.26,1
8431,136.52,1
8564,136.01,1
8697,136.01,1
8830,135.76,1
8963,136.60,1
9096,136.35,1
9229,136.26,1
9362,136.43,1
9495,136.18,1
9628,135.93,1
9761,136.60,1
9894,136.77,1
10027,136.35,1
10160,136.52,1
10293,136.18,1
10426,136.18,1
10559,136.94,1
10692,136.26,1
10825,136.09,2
10958,135.76,2
11091,136.09,2
11224,136.01,2
11357,135.59,2
11490,135.50,2
11623,135.76,2
11756,135.67,2
11889,135.67,2
12022,135.67,2
12155,135.42,2
12288,135.00,2
12421,135.25,2
12554,135.08,2
12687,135.25,2
12820,135.00,2
12953,135.25,2
13086,135.17,2
13219,135.00,2
13352,134.83,2
13485,134.91,2
13618,135.08,2
13751,134.91,2
13884,134.58,2
14017,135.00,2
14150,135.08,2
14283,135.00,2
15457,135.08,3
15590,134.91,3
15723,135.08,3
15856,135.50,3
15989,135.08,3
16122,135.17,3
16255,135.00,3
16388,134.91,3
16521,135.17,3
16654,135.00,3
16787,135.08,3
16920,134.66,3
17053,134.91,3
17186,134.91,3
17319,134.83,3
17452,134.75,3
17585,135.00,3
17718,134.49,3
17851,134.24,3
17984,134.32,3
18117,134.91,3
18250,134.83,3
18383,135.08,3
18516,134.75,3
18649,135.00,3
18782,134.83,3
18915,134.83,3
19048,134.83,3
19181,134.83,3
19314,134.58,3
19447,135.00,3
19580,134.91,3
19713,134.49,3
19846,135.00,3
ets Jul 29 2019 12:21:46

rst:0x1 (POWERON_RESET),boot:0x13 (SPI_FAST_FLASH_BOOT)
configsip: 0, SPIWP:0xee
clk_drv:0x00,q_drv:0x00,d_drv:0x00,cs0_drv:0x00,hd_drv:0x00,wp_drv:0x00
mode:DIO, clock div:1
load:0x3fff0030,len:4876
ho 0 tail 12 room 4
load:0x40078000,len:16560
load:0x40080400,len:3500
entry 0x400805b4
Controller System Ready
52,134.58,0
185,134.75,0
318,134.16,0
451,134.07,0
584,134.32,0
717,134.32,0
850,134.58,0
983,134.66,0
1116,134.24,0
1249,134.41,0
1382,134.75,1
1515,134.49,1
1648,134.58,1
1781,134.49,1
1914,134.91,1
2047,134.75,1
2180,134.41,1
2313,134.49,1
2446,134.91,1
2579,135.00,1
2712,134.32,1
2845,134.49,1
2978,134.49,1
3111,134.75,1
3244,134.41,1
3377,134.07,1
3510,134.16,1
3643,134.66,1
3776,134.32,1
3909,134.32,1
4042,133.99,1
4175,134.83,1
4308,134.83,1
4441,134.16,1
4574,134.24,1
4707,134.32,1
4840,134.32,1
4973,135.08,1
5106,134.16,1
5239,134.75,1
5372,134.66,1
5505,134.32,1
5638,134.66,1
5771,134.66,1
5904,134.41,1
6037,134.49,1
6170,135.00,1
6303,135.00,1
6436,135.00,1
6569,135.08,1
6702,135.08,1
6835,135.50,1
6968,135.34,1
7101,135.42,1
7234,135.00,1
7367,135.25,1
7500,135.25,1
7633,135.59,1
7766,135.50,1
7899,135.50,1
8032,135.93,1
8165,135.50,1
8298,135.84,1
8431,135.93,1
8564,135.25,1
8697,135.42,1
8830,135.34,1
8963,135.76,1
9096,135.93,1
9229,135.50,1
9362,136.18,1
9495,135.76,1
9628,136.01,1
9761,135.67,1
9894,135.93,1
10027,135.59,1
10160,136.18,1
10293,136.09,1
10426,136.09,1
10559,135.93,1
10692,135.84,1
10825,136.01,2
10958,136.35,2
11091,136.43,2
11224,136.18,2
11357,136.26,2
11490,136.09,2
11623,136.52,2
11756,136.26,2
11889,136.09,2
12022,136.09,2
12155,136.18,2
12288,136.52,2
12421,135.59,2
12554,135.42,2
12687,135.84,2
12820,136.26,2
12953,135.17,2
13086,135.42,2
13219,134.83,2
13352,135.34,2
13485,135.42,2
13618,135.67,2
13751,135.25,2
13884,134.91,2
14017,134.91,2
14150,135.17,2
14283,134.66,2
14416,134.91,2
14549,135.17,2
14682,135.00,2
14815,135.42,2
14948,135.08,2
15081,135.34,2
15214,135.17,2
15347,135.17,2
15480,134.58,2
15613,134.91,2
15746,135.50,2
15879,134.83,2
16012,134.91,2
16145,134.75,2
16278,134.75,2
16411,134.83,2
16544,135.17,2
16677,134.58,2
16810,134.41,2
16943,134.91,2
17076,134.66,2
17209,134.58,2
17342,134.66,2
17475,134.41,2
17608,134.24,2
17741,134.41,2
17874,134.83,2
18007,134.58,2
18140,134.49,2
18273,133.99,2
18406,134.75,2
18539,134.41,2
18672,134.16,2
18805,134.49,2
18938,134.32,2
19071,134.16,2
19204,134.49,2
20378,134.16,3
20511,134.58,3
20644,134.24,3
20777,134.16,3
20910,134.41,3
21043,134.41,3
21176,134.32,3
21309,134.41,3
21442,134.58,3
21575,134.58,3
21708,134.24,3
21841,134.32,3
21974,133.99,3
22107,134.32,3
22240,134.16,3
22373,134.32,3
22506,134.41,3
22639,134.66,3
22772,134.41,3
22905,134.16,3
23038,134.58,3
23171,134.32,3
23304,134.66,3
ets Jul 29 2019 12:21:46

rst:0x1 (POWERON_RESET),boot:0x13 (SPI_FAST_FLASH_BOOT)
configsip: 0, SPIWP:0xee
clk_drv:0x00,q_drv:0x00,d_drv:0x00,cs0_drv:0x00,hd_drv:0x00,wp_drv:0x00
mode:DIO, clock div:1
load:0x3fff0030,len:4876
ho 0 tail 12 room 4
load:0x40078000,len:16560
load:0x40080400,len:3500
entry 0x400805b4
Controller System Ready
52,134.16,0
185,133.99,0
318,134.66,0
451,134.58,0
584,134.16,0
717,133.99,0
850,134.91,0
983,133.82,0
1116,133.90,0
1249,133.73,0
1382,133.99,1
1515,134.91,1
1648,134.24,1
1781,134.58,1
1914,134.41,1
2047,133.82,1
2180,134.66,1
2313,134.07,1
2446,134.41,1
2579,134.49,1
2712,134.32,1
2845,134.16,1
2978,134.24,1
3111,134.66,1
3244,134.41,1
3377,134.41,1
3510,134.07,1
3643,134.32,1
3776,134.32,1
3909,134.24,1
4042,134.07,1
4175,134.41,1
4308,134.32,1
4441,134.32,1
4574,134.75,1
4707,134.58,1
4840,134.41,1
4973,134.41,1
5106,134.16,1
5239,133.90,1
5372,134.75,1
5505,134.41,1
5638,134.66,1
5771,134.66,1
5904,134.66,1
6037,134.66,1
6170,134.41,1
6303,134.49,1
6436,135.17,1
6569,135.00,1
6702,134.75,1
6835,134.83,1
6968,135.08,1
7101,135.17,1
7234,135.00,1
7367,134.83,1
7500,135.76,1
7633,135.25,1
7766,135.50,1
7899,135.50,1
8032,135.50,1
8165,135.50,1
8298,135.84,1
8431,135.42,1
8564,135.67,1
8697,135.34,1
8830,135.42,1
8963,136.35,1
9096,135.93,1
9229,136.26,1
9362,135.76,1
9495,135.67,1
9628,135.42,1
9761,136.35,1
9894,136.35,1
10027,136.01,1
10160,135.76,1
10293,136.35,1
10426,136.26,1
10559,136.35,1
10692,136.43,1
10825,136.52,2
10958,136.26,2
11091,136.69,2
11224,136.35,2
11357,136.01,2
11490,135.76,2
11623,136.35,2
11756,136.52,2
11889,136.26,2
12022,136.52,2
12155,136.35,2
12288,136.35,2
12421,136.26,2
12554,135.93,2
12687,135.93,2
12820,136.09,2
12953,135.59,2
13086,135.59,2
13219,135.76,2
13352,135.50,2
13485,135.59,2
13618,135.34,2
13751,135.42,2
13884,135.34,2
14017,135.50,2
14150,135.08,2
14283,134.83,2
14416,135.00,2
14549,134.91,2
14682,135.59,2
14815,134.75,2
14948,134.83,2
15081,134.41,2
15214,134.66,2
15347,134.49,2
15480,134.49,2
15613,134.58,2
15746,134.58,2
15879,134.75,2
16012,134.83,2
17186,134.66,3
17319,134.49,3
17452,134.66,3
17585,134.41,3
17718,134.75,3
17851,134.91,3
17984,134.07,3
18117,134.32,3
18250,134.32,3
18383,134.24,3
18516,134.49,3
18649,134.75,3
18782,135.50,3
18915,134.75,3
19048,134.41,3
19181,134.58,3
19314,134.66,3
19447,134.49,3
19580,134.66,3
19713,134.75,3
19846,134.49,3
19979,134.41,3
20112,134.32,3
20245,134.58,3
20378,134.32,3
20511,134.41,3
20644,134.24,3
20777,134.07,3
20910,134.41,3
21043,134.32,3
21176,134.41,3
21309,134.32,3
21442,134.49,3
21575,134.41,3
21708,134.83,3
21841,134.83,3
21974,134.91,3
22107,134.24,3
22240,134.66,3
22373,134.41,3
22506,134.49,3
22639,134.58,3
22772,135.00,3
22905,134.41,3
23038,134.07,3
23171,134.32,3
23304,135.08,3
23437,134.75,3
23570,135.08,3
23703,134.83,3
23836,134.66,3
23969,134.24,3
24102,134.75,3
ets Jul 29 2019 12:21:46

rst:0x1 (POWERON_RESET),boot:0x13 (SPI_FAST_FLASH_BOOT)
configsip: 0, SPIWP:0xee
clk_drv:0x00,q_drv:0x00,d_drv:0x00,cs0_drv:0x00,hd_drv:0x00,wp_drv:0x00
mode:DIO, clock div:1
load:0x3fff0030,len:4876
ho 0 tail 12 room 4
load:0x40078000,len:16560
load:0x40080400,len:3500
entry 0x400805b4
Controller System Ready
52,135.34,0
185,134.91,0
318,134.75,0
451,134.58,0
584,134.75,0
717,134.75,0
850,135.34,0
983,134.75,0
1116,134.83,0
1249,135.17,0
1382,135.00,1
1515,135.08,1
1648,135.00,1
1781,134.58,1
1914,134.24,1
2047,134.49,1
2180,134.58,1
2313,135.25,1
2446,135.17,1
2579,134.91,1
2712,134.58,1
2845,134.75,1
2978,134.66,1
3111,134.91,1
3244,134.58,1
3377,134.83,1
3510,134.83,1
3643,135.17,1
3776,134.75,1
3909,134.49,1
4042,134.49,1
4175,134.91,1
4308,134.83,1
4441,134.83,1
4574,134.75,1
4707,134.49,1
4840,134.75,1
4973,134.66,1
5106,135.34,1
5239,135.08,1
5372,134.58,1
5505,134.75,1
5638,134.66,1
5771,135.17,1
5904,134.66,1
6037,134.32,1
6170,135.00,1
6303,134.66,1
6436,134.83,1
6569,135.17,1
6702,134.91,1
6835,135.08,1
6968,135.42,1
7101,135.50,1
7234,135.50,1
7367,135.34,1
7500,135.67,1
7633,135.84,1
7766,136.43,1
7899,135.67,1
8032,136.35,1
8165,136.18,1
8298,136.26,1
8431,136.43,1
8564,136.60,1
8697,136.26,1
8830,136.18,1
8963,136.43,1
9096,136.18,1
9229,136.52,1
9362,136.18,1
9495,136.69,1
9628,136.77,1
9761,136.85,1
9894,137.19,1
10027,136.69,1
10160,136.94,1
10293,137.53,1
10426,137.02,1
10559,136.60,1
10692,136.85,1
10825,136.69,2
10958,136.35,2
11091,136.35,2
11224,136.43,2
11357,136.26,2
11490,136.26,2
11623,136.35,2
11756,136.26,2
11889,136.01,2
12022,135.76,2
12155,135.84,2
12288,135.34,2
12421,136.01,2
12554,135.67,2
12687,135.76,2
12820,135.84,2
12953,135.84,2
13086,135.76,2
13219,135.59,2
13352,135.76,2
13485,135.50,2
13618,135.59,2
13751,135.59,2
13884,135.76,2
14017,135.34,2
14150,135.17,2
14283,135.34,2
15457,135.84,3
15590,135.42,3
15723,135.34,3
15856,135.08,3
15989,135.25,3
16122,134.91,3
16255,135.25,3
16388,135.00,3
16521,134.83,3
16654,135.00,3
16787,135.25,3
16920,135.42,3
17053,135.00,3
17186,135.34,3
17319,135.08,3
17452,135.76,3
17585,135.17,3
17718,135.17,3
17851,135.42,3
17984,135.08,3
18117,135.08,3
18250,135.08,3
18383,134.75,3
18516,135.59,3
18649,134.75,3
18782,135.25,3
18915,135.17,3
19048,135.08,3
19181,134.66,3
19314,135.59,3
19447,134.83,3
19580,134.83,3
19713,135.17,3
19846,135.50,3
19979,134.91,3
20112,135.17,3
20245,135.50,3
20378,135.17,3
20511,135.08,3
20644,135.00,3
20777,135.17,3
20910,135.17,3
21043,135.17,3
21176,135.08,3
21309,135.08,3
21442,135.17,3
21575,135.08,3
21708,135.17,3
21841,135.00,3
